pakala_ccd_base.json
sm8750_default_sensors.json
sm8750_dynamic_sensors.json
sm8750_dynamic_sensors_template.json
sm8750_irq.json
sm8750_power_0.json
sm8750_qsh_ble_0.json
sns_amd.json
sns_aont.json
sns_amd_sw_disabled.json
sns_amd_sw_enabled.json
sns_ccd_v1_0_amd.json
sns_ccd_v1_0_ttw.json
sns_ccd_v2_0_walk.json
sns_ccd_v3_0_walk.json
sns_ccd_v3_1_walk.json
sns_ccd_v4_0_sensors.json
sns_ccd_v4_0_te_cd_regs.json
sns_ccd_v5_0.json
sns_ccd_v6_0.json
sns_ccd_v5_0_te_cd_regs.json
sns_ccd_v5_1_te_cd_regs.json
sns_ccd_v6_0_te_cd_regs.json
sns_ccd_v6_0_sensors.json
sns_cm.json
sns_dae.json
sns_diag_filter.json
sns_direct_channel.json
sns_distance_bound.json
sns_dpc.json
sns_facing.json
sns_fmv.json
sns_fmv_legacy.json
sns_gyro_cal.json
sns_mag_cal.json
sns_mag_cal_legacy.json
sns_offbody_detect_phone.json
sns_pedometer.json
sns_rmd.json
sns_rotv.json
sns_smd.json
sns_tilt.json
sns_tilt_sw_disabled.json
sns_tilt_sw_enabled.json
sns_tilt_to_wake.json
qmc6308_0.json
sm8750_qmc6308_0.json
sns_gyro_cal_dynamic.json
sns_device_orient.json
sns_sar_algo.json
sns_screen_down.json
pakala_qsh_ble_0.json
qsh_ble.json
sns_collision_detection.json
sns_pointing_light_source.json
chre_dynamic_sensors.json
sns_oem_hall.json
sm8750_sx937x_0.json
sx937x_0.json
sx937x_reg_0.json
sm8750_stk3bcx_0.json
stk3bcx_0.json
lsm6dso_0.json
sm8750_lsm6dso_0.json
sm8750_sip1328.json
sip1328.json
sns_healthy_use_of_mobile.json
qsh_camera_common.json
qsh_camera_aon_front_i_1.json